app/chat/[conversationId].tsx(142,87): error TS2339: Property 'EncodingType' does not exist on type 'typeof import("D:/Coding Projects/AI_Girlfriend/node_modules/expo-file-system/build/index")'.
app/chat/[conversationId].tsx(248,65): error TS2339: Property 'voice_id' does not exist on type 'Pick<Character, "id" | "name" | "avatar_url">'.
app/generate.tsx(70,54): error TS2345: Argument of type '"/coins"' is not assignable to parameter of type '"/auth/register" | "/auth/login" | "/auth/forgot-password" | RelativePathString | ExternalPathString | "/" | `/?${string}` | `/#${string}` | ... 59 more ... | { ...; }'.
src/services/chat.service.ts(59,23): error TS18046: 'errorData' is of type 'unknown'.
src/services/notifications.ts(3,25): error TS2307: Cannot find module 'expo-device' or its corresponding type declarations.
src/services/notifications.ts(8,35): error TS2322: Type 'Promise<{ shouldShowAlert: true; shouldPlaySound: true; shouldSetBadge: false; }>' is not assignable to type 'Promise<NotificationBehavior>'.
  Type '{ shouldShowAlert: true; shouldPlaySound: true; shouldSetBadge: false; }' is missing the following properties from type 'NotificationBehavior': shouldShowBanner, shouldShowList
src/services/notifications.ts(16,32): error TS2554: Expected 1 arguments, but got 0.
src/services/notifications.ts(17,28): error TS2554: Expected 1 arguments, but got 0.
src/services/notifications.ts(43,23): error TS2339: Property 'removeNotificationSubscription' does not exist on type 'typeof import("D:/Coding Projects/AI_Girlfriend/node_modules/expo-notifications/build/index")'.
src/services/notifications.ts(46,23): error TS2339: Property 'removeNotificationSubscription' does not exist on type 'typeof import("D:/Coding Projects/AI_Girlfriend/node_modules/expo-notifications/build/index")'.
